
> informes-srjunco@1.0.0 build
> next build

▲ Next.js 16.2.1 (Turbopack)

  Creating an optimized production build ...
✓ Compiled successfully in 15.0s
  Running TypeScript ...

  We detected TypeScript in your project and reconfigured your tsconfig.json file for you.
  The following suggested values were added to your tsconfig.json. These values can be changed to fit your project's needs:

  	- target was set to ES2017 (For top-level `await`. Note: Next.js only polyfills for the esmodules target.)
  	- include was updated to add '.next/dev/types/**/*.ts'

  The following mandatory changes were made to your tsconfig.json:

  	- jsx was set to react-jsx (next.js uses the React automatic runtime)

Failed to type check.

./src/app/admin/reports/new/page.tsx:183:30
Type error: Parameter 'e' implicitly has an 'any' type.

  181 |                 preview={previews.macro}
  182 |                 handleDrag={handleDrag} 
> 183 |                 handleDrop={(e) => handleDrop(e, 'macro')}
      |                              ^
  184 |                 onFileSelect={(file) => handleImageUpload(file, 'macro')}
  185 |             />
  186 |             <DropZone 
Next.js build worker exited with code: 1 and signal: null
