
> informes-srjunco@1.0.0 build
> next build

▲ Next.js 16.2.1 (Turbopack)

  Creating an optimized production build ...

> Build error occurred
Error: Turbopack build failed with 1 errors:
./src/app/globals.css
Error evaluating Node.js code
Error: It looks like you're trying to use `tailwindcss` directly as a PostCSS plugin. The PostCSS plugin has moved to a separate package, so to continue using Tailwind CSS with PostCSS you'll need to install `@tailwindcss/postcss` and update your PostCSS configuration.
    [at at (E:\ARCHIVOS JOSEHP\paginas web\repositorio\INFORMES-SRJUNCO\node_modules\tailwindcss\dist\lib.js:38:1643)]
    at pluginFactory (turbopack:///[turbopack-node]/transforms/postcss.ts:56:14) [E:\ARCHIVOS JOSEHP\paginas web\repositorio\INFORMES-SRJUNCO\.next\build\chunks\[root-of-the-server]__0iv9ksq._.js:165:20]
    [at <anonymous>]
    at map (turbopack:///[turbopack-node]/transforms/postcss.ts:43:33) [E:\ARCHIVOS JOSEHP\paginas web\repositorio\INFORMES-SRJUNCO\.next\build\chunks\[root-of-the-server]__0iv9ksq._.js:155:35]
    at init (turbopack:///[turbopack-node]/child_process/evaluate.ts:74:20) [E:\ARCHIVOS JOSEHP\paginas web\repositorio\INFORMES-SRJUNCO\.next\build\chunks\[root-of-the-server]__0rua-~2._.js:429:26]
    [at process.processTicksAndRejections (node:internal/process/task_queues:105:5)]

Import trace:
  Client Component Browser:
    ./src/app/globals.css [Client Component Browser]
    ./src/app/layout.tsx [Server Component]


    at pluginFactory (turbopack:///[turbopack-node]/transforms/postcss.ts:56:14) [E:\ARCHIVOS JOSEHP\paginas web\repositorio\INFORMES-SRJUNCO\.next\build\chunks\[root-of-the-server]__0iv9ksq._.js:165:20])
    at map (turbopack:///[turbopack-node]/transforms/postcss.ts:43:33) [E:\ARCHIVOS JOSEHP\paginas web\repositorio\INFORMES-SRJUNCO\.next\build\chunks\[root-of-the-server]__0iv9ksq._.js:155:35])
    at init (turbopack:///[turbopack-node]/child_process/evaluate.ts:74:20) [E:\ARCHIVOS JOSEHP\paginas web\repositorio\INFORMES-SRJUNCO\.next\build\chunks\[root-of-the-server]__0rua-~2._.js:429:26])
